@HWI-D00306:1079:HKVXXXXX2:1:1101:2606:1984 1:N:0:ATCACG
GTTCCCTCCGAAGTTTCCCTCAGGATAGCTGGCGCTCGCCGATCAAGCAGTTTTATCCGGTAAAGC
+
IIIIIHIIIIIIIIIIIIIIIIIIIHIIIIIIIIIGIIIIIHIIIIHIIIIIIIIIIIIIIIIIII
@HWI-D00306:1079:HKVXXXXX2:1:1101:3026:1930 1:N:0:ATCACG
TTGAGGCCGTTTCGGCCCCAAGGCCTCTAGTCAT
+
IIIIIIIIIIIIIIIIIIIIIIIIIIIIIIIIII
@HWI-D00306:1079:HKVXXXXX2:1:1101:3163:1935 1:N:0:ATCACG
CCCGGCGTTCGGTTCATCCCGCAGCACCAGTTCTGCTTACCAAAAATGGCCCACTAGGCGCGTCGC
+
IIIIIIIIIIIIIIIIIIIIIIHIIIIIIIHIIIIIIIIIIIIHIIHHIIIIIIIIIIIIIIIIII
