@HWI-D00306:1079:HKVXXXXX2:1:1101:2606:1984 1:N:0:ATCACG
CTAGTAGCTGGTTCCCTCCGAAGTTTCCCTCAGGATAGCTGGCGCTCGCCGATCAAGCAGTTTTATCCGGTAAAGC
+
DDDDDI+-II++-IIHIIIIIIIIIIIIIIIIIIIHIIIIIIIIIGIIIIIHIIIIHIIIIIIIIIIIIIIIIIII
@HWI-D00306:1079:HKVXXXXX2:1:1101:3026:1930 1:N:0:ATCACG
NGAGAATAGGTTGAGGCCGTTTCGGCCCCAAGGCCTCTAGTCATAGATCGGAAGAGCACACGTCTGAACTCCAGTC
+
#<<DDHIIIIIIIIIIIIIIIIIIIIIIIIIIIIIIIIIIIIIIIIIIIIIIIIIIIIIHIIIIIIIIIIHIIIIG
@HWI-D00306:1079:HKVXXXXX2:1:1101:3163:1935 1:N:0:ATCACG
NGCGCCTTAACCCGGCGTTCGGTTCATCCCGCAGCACCAGTTCTGCTTACCAAAAATGGCCCACTAGGCGCGTCGC
+
#<DDDIIIIIIIIIIIIIIIIIIIIIIIIIIIHIIIIIIIHIIIIIIIIIIIIHIIHHIIIIIIIIIIIIIIIIII
