@sample2.1
GTTCCACCTGTTCACCTTTCGTTGAAGAGCAAATGAAGAGGGAAAATGATAATGATAATATATTGCATCGTAATAG
+
@=@DDDADHDFBDGHGHHF>CFHIIIIGEGIGIG@?CFIGG<:?FHIHDCB0BFFFHIC<EBBFHDHGFAEGIC:D
@sample2.2
AACTTCTGGATCGGTAGCCAAAGGAGAAATTGGGTCCCAGTGCAGCTGGTATTTCTGTTTGGCG
+
@@CFFFFFHHHHHJJEHGGIIJIGHJIIFHHAFHIFIIHIIIJIIIDGGGIDFGEGDH?CCEIC
@sample2.3
TCATGCTGACTTAAAAAAATCAAACTACACAGAATTGTCTTTTATAGTCAAACAATTTCTGTGGTGACGGTAAACT
+
@@@FDFFDDFHHHHIGEHBEH@GBGGHGHHCGGBEHF?FGGHGIIIE4BGIIBFGBAG@FA7@=)5@E=/?BFDEE
@sample2.4
GACGGATCCAAACACAATGAAAAATGTGCTTCAATTTTACAGAATGGTGGCTCTCGAGGCCC
+
@C@FFFFFHHDDHGJJJFGGGHGGJFFHEHIGJCHCAGFEHGCGGI@A6BFGGGECD@DGCH
