@sample2.1
NATATACATTGAGTATGGTTATCATTATCATTTTCCCTCTTCATTTGCTCTTCAACGAAAGGTGAACAGGTGGAAC
+
#11ABDBDFHHHHIFHGGHGHHIEHHHGHIIIIIIIIEIGGGIHIIIBHHHGEIIIHHGIIIIIIIIHHGCHFGHI
@sample2.2
CGCCAAACAGAAATACCAGCTGCACTGGGACCCAATTTCTCCTTTGGCTACCGATCCAGAAGTT
+
CIEDFFHFHHHHHJJJJJJJJJJJJJJJJJJJJJJJJJJJJIJIIIIIHJJJJJJJJJJJJGHE
@sample2.3
ATCCCGGTACGGGACTTATCAGTTTACCGTCACCACAGAAATTGTTTGACTATAAAAGACAATTCTGTGTAGTTTG
+
:==A+=DD;CCDFGB?EF:A?9CGFFFIECBFDDG;*?B?GF?4?D69?/BFCFI8CFIEA@CFFCDECEEB?A@D
@sample2.4
GGGCCTCGAGAGCCACCATTCTGTAAAATTGAAGCACATTTTTCATTGTGTTTGGATCCGTC
+
HCGDDDFFHGGHFIFGIJGGGHIJIJGHHJIIIIJJIJGHIJJJGJJJGHGGHHHIJHIIJI
